Central-Warehouse.csv
date,sales,price,is_festival,is_festival_1d,is_weekend,Max_Temperature,Min_Temperature,extreme_weather,sales_1d,sales_2d,sales_3d,sales_4d,sales_5d,sales_6d,sales_7d,sales_diff,price_diff
2021/6/27,467.577,6.85,0,0,1,30,26,0,427.806,448.156,436.953,408.475,372.656,476.014,495.241,-20.35,0.08
2021/6/28,428.181,6.81,0,0,0,32,25,0,467.577,427.806,448.156,436.953,408.475,372.656,476.014,39.771,-0.04
2021/6/29,403.503,6.97,0,0,0,34,26,0,428.181,467.577,427.806,448.156,436.953,408.475,372.656,-39.396,0.16
2021/6/30,494.747,6.98,0,0,0,31,25,0,403.503,428.181,467.577,427.806,448.156,436.953,408.475,-24.678,0.01
2021/7/1,531.957,6.76,0,0,0,28,24,0,494.747,403.503,428.181,467.577,427.806,448.156,436.953,91.244,-0.22
2021/7/2,526.74,6.7,0,0,0,26,24,0,531.957,494.747,403.503,428.181,467.577,427.806,448.156,37.21,-0.06
2021/7/3,429.416,6.87,0,0,1,28,24,0,526.74,531.957,494.747,403.503,428.181,467.577,427.806,-5.217,0.17
2021/7/4,405.858,7.21,0,0,1,27,24,0,429.416,526.74,531.957,494.747,403.503,428.181,467.577,-97.324,0.34
2021/7/5,414.654,6.96,0,0,0,29,25,0,405.858,429.416,526.74,531.957,494.747,403.503,428.181,-23.558,-0.25
2021/7/6,450.876,6.87,0,0,0,33,23,0,414.654,405.858,429.416,526.74,531.957,494.747,403.503,8.796,-0.09
2021/7/7,420.649,6.8,0,0,0,30,24,0,450.876,414.654,405.858,429.416,526.74,531.957,494.747,36.222,-0.07
2021/7/8,453.239,7.45,0,0,0,37,25,0,420.649,450.876,414.654,405.858,429.416,526.74,531.957,-30.227,0.65
2021/7/9,499.99,7.64,0,0,0,32,27,0,453.239,420.649,450.876,414.654,405.858,429.416,526.74,32.59,0.19
2021/7/10,433.63,7.94,0,0,1,32,27,0,499.99,453.239,420.649,450.876,414.654,405.858,429.416,46.751,0.3
2021/7/11,498.561,7.27,0,0,1,32,24,0,433.63,499.99,453.239,420.649,450.876,414.654,405.858,-66.36,-0.67
2021/7/12,491.578,7.4,0,0,0,33,26,0,498.561,433.63,499.99,453.239,420.649,450.876,414.654,64.931,0.13
2021/7/13,506.588,7.07,0,0,0,33,27,0,491.578,498.561,433.63,499.99,453.239,420.649,450.876,-6.983,-0.33
2021/7/14,471.57,7.32,0,0,0,35,28,0,506.588,491.578,498.561,433.63,499.99,453.239,420.649,15.01,0.25
2021/7/15,474.548,7.09,0,0,0,36,28,0,471.57,506.588,491.578,498.561,433.63,499.99,453.239,-35.018,-0.23
2021/7/16,620.255,6.23,0,0,0,34,25,0,474.548,471.57,506.588,491.578,498.561,433.63,499.99,2.978,-0.86
2021/7/17,740.741,5.89,0,0,1,31,24,0,620.255,474.548,471.57,506.588,491.578,498.561,433.63,145.707,-0.34
2021/7/18,1028.551,5.53,0,0,1,30,24,0,740.741,620.255,474.548,471.57,506.588,491.578,498.561,120.486,-0.36
2021/7/19,745.359,5.58,0,0,0,32,24,0,1028.551,740.741,620.255,474.548,471.57,506.588,491.578,287.81,0.05
2021/7/20,932.357,5.64,0,0,0,31,25,0,745.359,1028.551,740.741,620.255,474.548,471.57,506.588,-283.192,0.06
2021/7/21,640.714,5.91,0,0,0,33,25,0,932.357,745.359,1028.551,740.741,620.255,474.548,471.57,186.998,0.27
2021/7/22,631.345,5.93,0,0,0,26,22,1,640.714,932.357,745.359,1028.551,740.741,620.255,474.548,-291.643,0.02
2021/7/23,679.029,5.81,0,0,0,32,25,0,631.345,640.714,932.357,745.359,1028.551,740.741,620.255,-9.369,-0.12
2021/7/24,636.169,5.67,0,0,1,33,25,0,679.029,631.345,640.714,932.357,745.359,1028.551,740.741,47.684,-0.14
2021/7/25,513.449,7.52,0,0,1,32,24,0,636.169,679.029,631.345,640.714,932.357,745.359,1028.551,-42.86,1.85
2021/7/26,437.49,7.62,0,0,0,32,24,0,513.449,636.169,679.029,631.345,640.714,932.357,745.359,-122.72,0.1
2021/7/27,443.854,7.54,0,0,0,33,27,0,437.49,513.449,636.169,679.029,631.345,640.714,932.357,-75.959,-0.08
2021/7/28,371.773,7.85,0,0,0,27,24,0,443.854,437.49,513.449,636.169,679.029,631.345,640.714,6.364,0.31
2021/7/29,421.638,7.55,0,0,0,34,26,0,371.773,443.854,437.49,513.449,636.169,679.029,631.345,-72.081,-0.3
2021/7/30,382.307,7.85,0,0,0,35,26,0,421.638,371.773,443.854,437.49,513.449,636.169,679.029,49.865,0.3
2021/7/31,476.567,7.56,0,0,1,36,26,0,382.307,421.638,371.773,443.854,437.49,513.449,636.169,-39.331,-0.29
2021/8/1,410.099,7.7,0,0,1,31,22,0,476.567,382.307,421.638,371.773,443.854,437.49,513.449,94.26,0.14
2021/8/2,451.876,8.03,0,0,0,34,26,0,410.099,476.567,382.307,421.638,371.773,443.854,437.49,-66.468,0.33
2021/8/3,418.07,7.83,0,0,0,29,22,0,451.876,410.099,476.567,382.307,421.638,371.773,443.854,41.777,-0.2
2021/8/4,364.45,7.88,0,0,0,32,24,0,418.07,451.876,410.099,476.567,382.307,421.638,371.773,-33.806,0.05
2021/8/5,315.333,7.27,0,0,0,32,19,0,364.45,418.07,451.876,410.099,476.567,382.307,421.638,-53.62,-0.61
2021/8/6,435.959,7.61,0,0,0,35,27,0,315.333,364.45,418.07,451.876,410.099,476.567,382.307,-49.117,0.34
2021/8/7,407.014,8.59,0,0,1,35,27,0,435.959,315.333,364.45,418.07,451.876,410.099,476.567,120.626,0.98
2021/8/8,421.841,8.48,0,0,1,31,24,0,407.014,435.959,315.333,364.45,418.07,451.876,410.099,-28.945,-0.11
2021/8/9,436.182,8.51,0,0,0,28,23,0,421.841,407.014,435.959,315.333,364.45,418.07,451.876,14.827,0.03
2021/8/10,458.976,8.48,0,0,0,28,24,0,436.182,421.841,407.014,435.959,315.333,364.45,418.07,14.341,-0.03
2021/8/11,449.072,8.21,0,0,0,31,23,0,458.976,436.182,421.841,407.014,435.959,315.333,364.45,22.794,-0.27
2021/8/12,415.642,8.35,0,0,0,28,23,0,449.072,458.976,436.182,421.841,407.014,435.959,315.333,-9.904,0.14
2021/8/13,400.041,8.52,0,0,0,25,21,0,415.642,449.072,458.976,436.182,421.841,407.014,435.959,-33.43,0.17
2021/8/14,510.389,8.57,0,0,1,24,21,0,400.041,415.642,449.072,458.976,436.182,421.841,407.014,-15.601,0.05
2021/8/15,473.766,8.41,0,0,1,25,23,0,510.389,400.041,415.642,449.072,458.976,436.182,421.841,110.348,-0.16
2021/8/16,455.29,8.21,0,0,0,30,21,0,473.766,510.389,400.041,415.642,449.072,458.976,436.182,-36.623,-0.2
2021/8/17,375.441,8.38,0,0,0,30,24,0,455.29,473.766,510.389,400.041,415.642,449.072,458.976,-18.476,0.17
2021/8/18,489.89,7.34,0,0,0,31,25,0,375.441,455.29,473.766,510.389,400.041,415.642,449.072,-79.849,-1.04
2021/8/19,549.084,7.14,0,0,0,32,25,0,489.89,375.441,455.29,473.766,510.389,400.041,415.642,114.449,-0.2
2021/8/20,561.784,6.72,0,0,0,34,26,0,549.084,489.89,375.441,455.29,473.766,510.389,400.041,59.194,-0.42
2021/8/21,578.9,6.96,0,0,1,29,26,0,561.784,549.084,489.89,375.441,455.29,473.766,510.389,12.7,0.24
2021/8/22,533.271,7.59,0,0,1,33,25,0,578.9,561.784,549.084,489.89,375.441,455.29,473.766,17.116,0.63
2021/8/23,595.644,7.7,0,0,0,27,23,0,533.271,578.9,561.784,549.084,489.89,375.441,455.29,-45.629,0.11
2021/8/24,527.361,8.07,0,0,0,28,22,0,595.644,533.271,578.9,561.784,549.084,489.89,375.441,62.373,0.37
2021/8/25,545.525,8.11,0,0,0,27,20,0,527.361,595.644,533.271,578.9,561.784,549.084,489.89,-68.283,0.04
2021/8/26,473.096,7.99,0,0,0,24,19,0,545.525,527.361,595.644,533.271,578.9,561.784,549.084,18.164,-0.12
2021/8/27,528.699,6.99,0,0,0,29,18,0,473.096,545.525,527.361,595.644,533.271,578.9,561.784,-72.429,-1
2021/8/28,670.965,6.89,0,0,1,27,20,0,528.699,473.096,545.525,527.361,595.644,533.271,578.9,55.603,-0.1
2021/8/29,641.99,7.21,0,0,1,31,21,0,670.965,528.699,473.096,545.525,527.361,595.644,533.271,142.266,0.32
2021/8/30,593.829,6.85,0,0,0,22,20,0,641.99,670.965,528.699,473.096,545.525,527.361,595.644,-28.975,-0.36
2021/8/31,673.919,7.06,0,0,0,35,26,0,593.829,641.99,670.965,528.699,473.096,545.525,527.361,-48.161,0.21
2021/9/1,1656.895,5.15,0,0,0,34,22,0,673.919,593.829,641.99,670.965,528.699,473.096,545.525,80.09,-1.91
2021/9/2,1087.351,5.55,0,0,0,29,22,0,1656.895,673.919,593.829,641.99,670.965,528.699,473.096,982.976,0.4
2021/9/3,935.044,6.21,0,0,0,32,26,0,1087.351,1656.895,673.919,593.829,641.99,670.965,528.699,-569.544,0.66
2021/9/4,829.902,6.7,0,0,1,36,23,0,935.044,1087.351,1656.895,673.919,593.829,641.99,670.965,-152.307,0.49
2021/9/5,632.595,7.11,0,0,1,29,23,0,829.902,935.044,1087.351,1656.895,673.919,593.829,641.99,-105.142,0.41
2021/9/6,451.575,7.87,0,0,0,25,22,0,632.595,829.902,935.044,1087.351,1656.895,673.919,593.829,-197.307,0.76
2021/9/7,463.481,8.07,0,0,0,28,21,0,451.575,632.595,829.902,935.044,1087.351,1656.895,673.919,-181.02,0.2
2021/9/8,566.6,6.92,0,0,0,29,24,0,463.481,451.575,632.595,829.902,935.044,1087.351,1656.895,11.906,-1.15
2021/9/9,632.168,6.49,0,0,0,33,23,0,566.6,463.481,451.575,632.595,829.902,935.044,1087.351,103.119,-0.43
2021/9/10,577.328,7.05,0,0,0,28,20,0,632.168,566.6,463.481,451.575,632.595,829.902,935.044,65.568,0.56
2021/9/11,640.926,6.87,0,0,1,34,23,0,577.328,632.168,566.6,463.481,451.575,632.595,829.902,-54.84,-0.18
2021/9/12,492.634,7.21,0,0,1,34,23,0,640.926,577.328,632.168,566.6,463.481,451.575,632.595,63.598,0.34
2021/9/13,489.177,7.18,0,0,0,33,22,0,492.634,640.926,577.328,632.168,566.6,463.481,451.575,-148.292,-0.03
2021/9/14,516.06,6.92,0,0,0,31,21,0,489.177,492.634,640.926,577.328,632.168,566.6,463.481,-3.457,-0.26
2021/9/15,916.899,5.83,0,0,0,31,22,0,516.06,489.177,492.634,640.926,577.328,632.168,566.6,26.883,-1.09
2021/9/16,531.144,6.73,0,0,0,33,23,0,916.899,516.06,489.177,492.634,640.926,577.328,632.168,400.839,0.9
2021/9/17,445.768,6.82,0,0,0,25,18,0,531.144,916.899,516.06,489.177,492.634,640.926,577.328,-385.755,0.09
2021/9/18,605.814,6.51,0,1,1,32,24,0,445.768,531.144,916.899,516.06,489.177,492.634,640.926,-85.376,-0.31
2021/9/19,632.246,6.6,1,0,1,31,21,0,605.814,445.768,531.144,916.899,516.06,489.177,492.634,160.046,0.09
2021/9/20,845.663,6.73,1,0,0,30,20,0,632.246,605.814,445.768,531.144,916.899,516.06,489.177,26.432,0.13
2021/9/21,926.978,7.23,1,0,0,34,22,0,845.663,632.246,605.814,445.768,531.144,916.899,516.06,213.417,0.5
2021/9/22,515.604,6.52,0,0,0,28,19,0,926.978,845.663,632.246,605.814,445.768,531.144,916.899,81.315,-0.71
2021/9/23,672.109,5.03,0,0,0,34,23,0,515.604,926.978,845.663,632.246,605.814,445.768,531.144,-411.374,-1.49
2021/9/24,803.596,5.08,0,0,0,35,23,0,672.109,515.604,926.978,845.663,632.246,605.814,445.768,156.505,0.05
2021/9/25,684.023,4.98,0,0,1,36,25,0,803.596,672.109,515.604,926.978,845.663,632.246,605.814,131.487,-0.1
2021/9/26,758.845,5.11,0,0,1,21,17,0,684.023,803.596,672.109,515.604,926.978,845.663,632.246,-119.573,0.13
2021/9/27,751.936,5.09,0,0,0,28,21,0,758.845,684.023,803.596,672.109,515.604,926.978,845.663,74.822,-0.02
2021/9/28,427.082,6.32,0,0,0,29,20,1,751.936,758.845,684.023,803.596,672.109,515.604,926.978,-6.909,1.23
2021/9/29,535.345,6.17,0,0,0,28,16,0,427.082,751.936,758.845,684.023,803.596,672.109,515.604,-324.854,-0.15
2021/9/30,545.627,6.77,0,1,0,30,20,0,535.345,427.082,751.936,758.845,684.023,803.596,672.109,108.263,0.6
2021/10/1,690.12,6.77,1,0,0,31,21,0,545.627,535.345,427.082,751.936,758.845,684.023,803.596,10.282,0
2021/10/2,676.695,7.08,1,0,1,33,24,0,690.12,545.627,535.345,427.082,751.936,758.845,684.023,144.493,0.31
2021/10/3,632.709,7.09,1,0,1,20,16,0,676.695,690.12,545.627,535.345,427.082,751.936,758.845,-13.425,0.01
2021/10/4,667.848,6.71,1,0,0,18,12,0,632.709,676.695,690.12,545.627,535.345,427.082,751.936,-43.986,-0.38
2021/10/5,593.274,6.89,1,0,0,14,11,0,667.848,632.709,676.695,690.12,545.627,535.345,427.082,35.139,0.18
2021/10/6,502.758,6.74,1,0,0,15,13,0,593.274,667.848,632.709,676.695,690.12,545.627,535.345,-74.574,-0.15
2021/10/7,479.869,6.63,1,0,0,17,13,0,502.758,593.274,667.848,632.709,676.695,690.12,545.627,-90.516,-0.11
2021/10/8,393.736,5.9,0,0,0,19,14,0,479.869,502.758,593.274,667.848,632.709,676.695,690.12,-22.889,-0.73
2021/10/9,432.903,6.16,0,0,1,20,15,0,393.736,479.869,502.758,593.274,667.848,632.709,676.695,-86.133,0.26
2021/10/10,519.646,5.76,0,0,1,18,13,0,432.903,393.736,479.869,502.758,593.274,667.848,632.709,39.167,-0.4
2021/10/11,447.573,6.07,0,0,0,18,12,0,519.646,432.903,393.736,479.869,502.758,593.274,667.848,86.743,0.31
2021/10/12,406.95,6.26,0,0,0,19,14,0,447.573,519.646,432.903,393.736,479.869,502.758,593.274,-72.073,0.19
2021/10/13,458.245,6.28,0,0,0,21,15,0,406.95,447.573,519.646,432.903,393.736,479.869,502.758,-40.623,0.02
2021/10/14,424.925,6.24,0,0,0,20,17,0,458.245,406.95,447.573,519.646,432.903,393.736,479.869,51.295,-0.04
2021/10/15,408.709,5.87,0,0,0,20,9,0,424.925,458.245,406.95,447.573,519.646,432.903,393.736,-33.32,-0.37
2021/10/16,493.481,5.92,0,0,1,16,9,0,408.709,424.925,458.245,406.95,447.573,519.646,432.903,-16.216,0.05
2021/10/17,478.907,6.03,0,0,1,13,9,0,493.481,408.709,424.925,458.245,406.95,447.573,519.646,84.772,0.11
2021/10/18,545.599,5.34,0,0,0,20,9,0,478.907,493.481,408.709,424.925,458.245,406.95,447.573,-14.574,-0.69
2021/10/19,489.6,5.18,0,0,0,14,11,0,545.599,478.907,493.481,408.709,424.925,458.245,406.95,66.692,-0.16
2021/10/20,601.086,5.35,0,0,0,11,9,0,489.6,545.599,478.907,493.481,408.709,424.925,458.245,-55.999,0.17
2021/10/21,851.573,5.09,0,0,0,18,12,0,601.086,489.6,545.599,478.907,493.481,408.709,424.925,111.486,-0.26
2021/10/22,556.237,5.59,0,0,0,17,11,0,851.573,601.086,489.6,545.599,478.907,493.481,408.709,250.487,0.5
2021/10/23,434.92,5.36,0,0,1,19,11,0,556.237,851.573,601.086,489.6,545.599,478.907,493.481,-295.336,-0.23
2021/10/24,475.06,5.79,0,0,1,20,12,0,434.92,556.237,851.573,601.086,489.6,545.599,478.907,-121.317,0.43
2021/10/25,408.548,6.08,0,0,0,21,13,0,475.06,434.92,556.237,851.573,601.086,489.6,545.599,40.14,0.29
2021/10/26,540.351,5.69,0,0,0,19,13,0,408.548,475.06,434.92,556.237,851.573,601.086,489.6,-66.512,-0.39
2021/10/27,556.688,6.03,0,0,0,20,14,0,540.351,408.548,475.06,434.92,556.237,851.573,601.086,131.803,0.34
2021/10/28,475.605,6.13,0,0,0,22,14,0,556.688,540.351,408.548,475.06,434.92,556.237,851.573,16.337,0.1
2021/10/29,570.781,5.96,0,0,0,20,13,0,475.605,556.688,540.351,408.548,475.06,434.92,556.237,-81.083,-0.17
2021/10/30,609.612,6.18,0,0,1,23,13,0,570.781,475.605,556.688,540.351,408.548,475.06,434.92,95.176,0.22
2021/10/31,624.454,6.44,0,0,1,21,13,0,609.612,570.781,475.605,556.688,540.351,408.548,475.06,38.831,0.26
2021/11/1,487.554,6.46,0,0,0,18,12,0,624.454,609.612,570.781,475.605,556.688,540.351,408.548,14.842,0.02
2021/11/2,431.022,6.52,0,0,0,21,14,0,487.554,624.454,609.612,570.781,475.605,556.688,540.351,-136.9,0.06
2021/11/3,478.175,6.35,0,0,0,21,14,0,431.022,487.554,624.454,609.612,570.781,475.605,556.688,-56.532,-0.17
2021/11/4,418.238,6.78,0,0,0,18,15,0,478.175,431.022,487.554,624.454,609.612,570.781,475.605,47.153,0.43
2021/11/5,427.423,7.05,0,0,0,17,16,0,418.238,478.175,431.022,487.554,624.454,609.612,570.781,-59.937,0.27
2021/11/6,494.589,7.3,0,0,1,18,6,0,427.423,418.238,478.175,431.022,487.554,624.454,609.612,9.185,0.25
2021/11/7,475.302,7.36,0,0,1,11,4,0,494.589,427.423,418.238,478.175,431.022,487.554,624.454,67.166,0.06
2021/11/8,454.261,6.91,0,0,0,13,3,0,475.302,494.589,427.423,418.238,478.175,431.022,487.554,-19.287,-0.45
2021/11/9,398.823,7.34,0,0,0,14,5,0,454.261,475.302,494.589,427.423,418.238,478.175,431.022,-21.041,0.43
2021/11/10,382.83,7.32,0,0,0,20,10,0,398.823,454.261,475.302,494.589,427.423,418.238,478.175,-55.438,-0.02
2021/11/11,412.183,7.57,0,0,0,17,10,0,382.83,398.823,454.261,475.302,494.589,427.423,418.238,-15.993,0.25
2021/11/12,401.728,7.55,0,0,0,18,6,0,412.183,382.83,398.823,454.261,475.302,494.589,427.423,29.353,-0.02
2021/11/13,528.122,7.55,0,0,1,20,6,0,401.728,412.183,382.83,398.823,454.261,475.302,494.589,-10.455,0
2021/11/14,548.609,7.61,0,0,1,21,8,0,528.122,401.728,412.183,382.83,398.823,454.261,475.302,126.394,0.06
2021/11/15,430.956,8.13,0,0,0,20,9,0,548.609,528.122,401.728,412.183,382.83,398.823,454.261,20.487,0.52
2021/11/16,490.164,7.03,0,0,0,15,8,0,430.956,548.609,528.122,401.728,412.183,382.83,398.823,-117.653,-1.1
2021/11/17,385.194,7.25,0,0,0,18,8,0,490.164,430.956,548.609,528.122,401.728,412.183,382.83,59.208,0.22
2021/11/18,462.868,7.21,0,0,0,23,5,0,385.194,490.164,430.956,548.609,528.122,401.728,412.183,-104.97,-0.04
2021/11/19,445.541,7.6,0,0,0,13,5,0,462.868,385.194,490.164,430.956,548.609,528.122,401.728,77.674,0.39
2021/11/20,493.368,8.04,0,0,1,15,10,0,445.541,462.868,385.194,490.164,430.956,548.609,528.122,-17.327,0.44
2021/11/21,504.063,7.93,0,0,1,12,3,0,493.368,445.541,462.868,385.194,490.164,430.956,548.609,47.827,-0.11
2021/11/22,372.589,7.26,0,0,0,11,2,0,504.063,493.368,445.541,462.868,385.194,490.164,430.956,10.695,-0.67
2021/11/23,440.767,7.52,0,0,0,10,-3,0,372.589,504.063,493.368,445.541,462.868,385.194,490.164,-131.474,0.26
2021/11/24,404.662,7.73,0,0,0,14,0,0,440.767,372.589,504.063,493.368,445.541,462.868,385.194,68.178,0.21
2021/11/25,433.829,7.51,0,0,0,19,6,0,404.662,440.767,372.589,504.063,493.368,445.541,462.868,-36.105,-0.22
2021/11/26,425.548,8,0,0,0,20,8,0,433.829,404.662,440.767,372.589,504.063,493.368,445.541,29.167,0.49
2021/11/27,430.78,8.34,0,0,1,17,8,0,425.548,433.829,404.662,440.767,372.589,504.063,493.368,-8.281,0.34
2021/11/28,488.856,8.39,0,0,1,17,10,0,430.78,425.548,433.829,404.662,440.767,372.589,504.063,5.232,0.05
2021/11/29,450.027,8.19,0,0,0,15,4,0,488.856,430.78,425.548,433.829,404.662,440.767,372.589,58.076,-0.2
2021/11/30,403.637,8.13,0,0,0,16,1,0,450.027,488.856,430.78,425.548,433.829,404.662,440.767,-38.829,-0.06
2021/12/1,446.502,7.66,0,0,0,9,-3,0,403.637,450.027,488.856,430.78,425.548,433.829,404.662,-46.39,-0.47
2021/12/2,422.941,7.65,0,0,0,13,-1,0,446.502,403.637,450.027,488.856,430.78,425.548,433.829,42.865,-0.01
2021/12/3,409.994,7.6,0,0,0,17,7,0,422.941,446.502,403.637,450.027,488.856,430.78,425.548,-23.561,-0.05
2021/12/4,496.906,7.6,0,0,1,18,7,0,409.994,422.941,446.502,403.637,450.027,488.856,430.78,-12.947,0
2021/12/5,525.179,7.61,0,0,1,18,7,0,496.906,409.994,422.941,446.502,403.637,450.027,488.856,86.912,0.01
2021/12/6,435.328,7.55,0,0,0,17,6,0,525.179,496.906,409.994,422.941,446.502,403.637,450.027,28.273,-0.06
2021/12/7,422.068,7.75,0,0,0,13,6,0,435.328,525.179,496.906,409.994,422.941,446.502,403.637,-89.851,0.2
2021/12/8,423.336,7.63,0,0,0,9,4,0,422.068,435.328,525.179,496.906,409.994,422.941,446.502,-13.26,-0.12
2021/12/9,500.951,7.2,0,0,0,16,5,0,423.336,422.068,435.328,525.179,496.906,409.994,422.941,1.268,-0.43
2021/12/10,472.14,7.59,0,0,0,11,1,0,500.951,423.336,422.068,435.328,525.179,496.906,409.994,77.615,0.39
2021/12/11,522.179,7.63,0,0,1,10,6,0,472.14,500.951,423.336,422.068,435.328,525.179,496.906,-28.811,0.04
2021/12/12,557.524,7.63,0,0,1,14,3,0,522.179,472.14,500.951,423.336,422.068,435.328,525.179,50.039,0
2021/12/13,387.873,7.82,0,0,0,14,4,0,557.524,522.179,472.14,500.951,423.336,422.068,435.328,35.345,0.19
