Central-Warehouse.csv
date,sales,price,is_festival,is_festival_1d,is_weekend,Max_Temperature,Min_Temperature,extreme_weather,sales_1d,sales_2d,sales_3d,sales_4d,sales_5d,sales_6d,sales_7d,sales_diff,price_diff
2021/12/14,449.748,7.85,0,0,0,10,4,0,387.873,557.524,522.179,472.14,500.951,423.336,422.068,-169.651,0.03
2021/12/15,476.703,7.59,0,0,0,10,6,0,449.748,387.873,557.524,522.179,472.14,500.951,423.336,61.875,-0.26
2021/12/16,443.556,7.76,0,0,0,12,5,0,476.703,449.748,387.873,557.524,522.179,472.14,500.951,26.955,0.17
2021/12/17,449.984,7.91,0,0,0,9,3,0,443.556,476.703,449.748,387.873,557.524,522.179,472.14,-33.147,0.15
2021/12/18,442.345,7.91,0,0,1,10,2,0,449.984,443.556,476.703,449.748,387.873,557.524,522.179,6.428,0
2021/12/19,482.446,8.21,0,0,1,14,5,0,442.345,449.984,443.556,476.703,449.748,387.873,557.524,-7.639,0.3
2021/12/20,422.828,7.97,0,0,0,15,-1,0,482.446,442.345,449.984,443.556,476.703,449.748,387.873,40.101,-0.24
2021/12/21,441.483,7.73,0,0,0,20,3,0,422.828,482.446,442.345,449.984,443.556,476.703,449.748,-59.618,-0.24
2021/12/22,474.952,8.14,0,0,0,4,-1,0,441.483,422.828,482.446,442.345,449.984,443.556,476.703,18.655,0.41
2021/12/23,401.475,8.05,0,0,0,13,6,0,474.952,441.483,422.828,482.446,442.345,449.984,443.556,33.469,-0.09
2021/12/24,451.372,8.08,0,0,0,9,2,0,401.475,474.952,441.483,422.828,482.446,442.345,449.984,-73.477,0.03
2021/12/25,410.666,8.32,0,0,1,2,-1,0,451.372,401.475,474.952,441.483,422.828,482.446,442.345,49.897,0.24
2021/12/26,492.022,7.47,0,0,1,0,-1,0,410.666,451.372,401.475,474.952,441.483,422.828,482.446,-40.706,-0.85
2021/12/27,468.654,7.08,0,0,0,5,0,0,492.022,410.666,451.372,401.475,474.952,441.483,422.828,81.356,-0.39
2021/12/28,474.236,7.25,0,0,0,7,1,0,468.654,492.022,410.666,451.372,401.475,474.952,441.483,-23.368,0.17
2021/12/29,401.426,7.53,0,0,0,12,0,0,474.236,468.654,492.022,410.666,451.372,401.475,474.952,5.582,0.28
2021/12/30,442.289,7.59,0,0,0,12,0,0,401.426,474.236,468.654,492.022,410.666,451.372,401.475,-72.81,0.06
2021/12/31,447.724,8.1,0,1,0,11,2,0,442.289,401.426,474.236,468.654,492.022,410.666,451.372,40.863,0.51
2022/1/1,478.325,8.75,1,0,1,14,1,0,447.724,442.289,401.426,474.236,468.654,492.022,410.666,5.435,0.65
2022/1/2,417.962,8.55,1,0,1,5,-3,0,478.325,447.724,442.289,401.426,474.236,468.654,492.022,30.601,-0.2
2022/1/3,436.429,8.7,1,0,0,12,5,0,417.962,478.325,447.724,442.289,401.426,474.236,468.654,-60.363,0.15
2022/1/4,343.162,8.78,0,0,0,9,3,0,436.429,417.962,478.325,447.724,442.289,401.426,474.236,18.467,0.08
2022/1/5,390.108,8.43,0,0,0,7,4,0,343.162,436.429,417.962,478.325,447.724,442.289,401.426,-93.267,-0.35
2022/1/6,380.01,8.38,0,0,0,6,3,0,390.108,343.162,436.429,417.962,478.325,447.724,442.289,46.946,-0.05
2022/1/7,399.377,9.27,0,0,0,8,-3,0,380.01,390.108,343.162,436.429,417.962,478.325,447.724,-10.098,0.89
2022/1/8,405.45,9.58,0,0,1,7,1,0,399.377,380.01,390.108,343.162,436.429,417.962,478.325,19.367,0.31
2022/1/9,309.796,10.06,0,0,1,11,2,0,405.45,399.377,380.01,390.108,343.162,436.429,417.962,6.073,0.48
2022/1/10,328.242,8.78,0,0,0,9,1,0,309.796,405.45,399.377,380.01,390.108,343.162,436.429,-95.654,-1.28
2022/1/11,296.709,8.53,0,0,0,8,1,0,328.242,309.796,405.45,399.377,380.01,390.108,343.162,18.446,-0.25
2022/1/12,319.146,7.84,0,0,0,6,3,0,296.709,328.242,309.796,405.45,399.377,380.01,390.108,-31.533,-0.69
2022/1/13,322.986,8.62,0,0,0,4,-4,0,319.146,296.709,328.242,309.796,405.45,399.377,380.01,22.437,0.78
2022/1/14,250.79,8.78,0,0,0,7,1,0,322.986,319.146,296.709,328.242,309.796,405.45,399.377,3.84,0.16
2022/1/15,302.264,8.72,0,0,1,9,-4,0,250.79,322.986,319.146,296.709,328.242,309.796,405.45,-72.196,-0.06
2022/1/16,286.183,10.04,0,0,1,11,3,0,302.264,250.79,322.986,319.146,296.709,328.242,309.796,51.474,1.32
2022/1/17,319.535,9.1,0,0,0,13,3,0,286.183,302.264,250.79,322.986,319.146,296.709,328.242,-16.081,-0.94
2022/1/18,317.407,9.85,0,0,0,12,0,0,319.535,286.183,302.264,250.79,322.986,319.146,296.709,33.352,0.75
2022/1/19,342.59,9.5,0,0,0,13,3,0,317.407,319.535,286.183,302.264,250.79,322.986,319.146,-2.128,-0.35
2022/1/20,344.607,10.33,0,0,0,9,4,0,342.59,317.407,319.535,286.183,302.264,250.79,322.986,25.183,0.83
2022/1/21,295.261,10.6,0,0,0,6,2,0,344.607,342.59,317.407,319.535,286.183,302.264,250.79,2.017,0.27
2022/1/22,305.45,10.51,0,0,1,4,2,0,295.261,344.607,342.59,317.407,319.535,286.183,302.264,-49.346,-0.09
2022/1/23,310.314,10.1,0,0,1,3,1,0,305.45,295.261,344.607,342.59,317.407,319.535,286.183,10.189,-0.41
2022/1/24,366.078,10.48,0,0,0,4,0,0,310.314,305.45,295.261,344.607,342.59,317.407,319.535,4.864,0.38
2022/1/25,413.106,10.43,0,0,0,5,-2,0,366.078,310.314,305.45,295.261,344.607,342.59,317.407,55.764,-0.05
2022/1/26,417.897,10.4,0,0,0,3,0,0,413.106,366.078,310.314,305.45,295.261,344.607,342.59,47.028,-0.03
2022/1/27,552.611,10.71,0,0,0,3,-4,0,417.897,413.106,366.078,310.314,305.45,295.261,344.607,4.791,0.31
2022/1/28,534.609,10.87,0,0,0,3,0,0,552.611,417.897,413.106,366.078,310.314,305.45,295.261,134.714,0.16
2022/1/29,700.823,11.43,0,0,1,7,0,0,534.609,552.611,417.897,413.106,366.078,310.314,305.45,-18.002,0.56
2022/1/30,787.095,11.26,0,1,1,7,0,0,700.823,534.609,552.611,417.897,413.106,366.078,310.314,166.214,-0.17
2022/1/31,365.763,10.9,1,0,0,7,1,0,787.095,700.823,534.609,552.611,417.897,413.106,366.078,86.272,-0.36
2022/2/1,268.766,11.02,1,0,0,7,3,0,365.763,787.095,700.823,534.609,552.611,417.897,413.106,-421.332,0.12
2022/2/2,288.441,11.12,1,0,0,7,1,0,268.766,365.763,787.095,700.823,534.609,552.611,417.897,-96.997,0.1
2022/2/3,315.426,9.5,1,0,0,8,0,0,288.441,268.766,365.763,787.095,700.823,534.609,552.611,19.675,-1.62
2022/2/4,364.781,8.96,1,0,0,11,-1,0,315.426,288.441,268.766,365.763,787.095,700.823,534.609,26.985,-0.54
2022/2/5,273.214,10.09,1,0,1,9,2,0,364.781,315.426,288.441,268.766,365.763,787.095,700.823,49.355,1.13
2022/2/6,307.791,10.17,1,0,1,5,0,0,273.214,364.781,315.426,288.441,268.766,365.763,787.095,-91.567,0.08
2022/2/7,280.199,11.01,0,0,0,3,0,1,307.791,273.214,364.781,315.426,288.441,268.766,365.763,34.577,0.84
2022/2/8,305.388,10.1,0,0,0,4,1,0,280.199,307.791,273.214,364.781,315.426,288.441,268.766,-27.592,-0.91
2022/2/9,340.101,10.27,0,0,0,9,0,0,305.388,280.199,307.791,273.214,364.781,315.426,288.441,25.189,0.17
2022/2/10,287.936,10.58,0,0,0,6,3,0,340.101,305.388,280.199,307.791,273.214,364.781,315.426,34.713,0.31
2022/2/11,391.328,10.27,0,0,0,8,2,0,287.936,340.101,305.388,280.199,307.791,273.214,364.781,-52.165,-0.31
2022/2/12,296.659,10.43,0,0,1,8,3,0,391.328,287.936,340.101,305.388,280.199,307.791,273.214,103.392,0.16
2022/2/13,295.211,10.52,0,0,1,10,1,0,296.659,391.328,287.936,340.101,305.388,280.199,307.791,-94.669,0.09
2022/2/14,340.74,10.82,0,0,0,11,4,0,295.211,296.659,391.328,287.936,340.101,305.388,280.199,-1.448,0.3
2022/2/15,345.912,11.07,0,0,0,10,6,0,340.74,295.211,296.659,391.328,287.936,340.101,305.388,45.529,0.25
2022/2/16,290.872,11.37,0,0,0,8,4,0,345.912,340.74,295.211,296.659,391.328,287.936,340.101,5.172,0.3
2022/2/17,261.909,11.45,0,0,0,2,0,0,290.872,345.912,340.74,295.211,296.659,391.328,287.936,-55.04,0.08
2022/2/18,296.674,11.23,0,0,0,3,0,0,261.909,290.872,345.912,340.74,295.211,296.659,391.328,-28.963,-0.22
2022/2/19,377.292,10.83,0,0,1,8,0,0,296.674,261.909,290.872,345.912,340.74,295.211,296.659,34.765,-0.4
2022/2/20,292.913,11.28,0,0,1,8,0,0,377.292,296.674,261.909,290.872,345.912,340.74,295.211,80.618,0.45
2022/2/21,338.274,11.18,0,0,0,10,3,0,292.913,377.292,296.674,261.909,290.872,345.912,340.74,-84.379,-0.1
2022/2/22,360.449,10.77,0,0,0,10,0,0,338.274,292.913,377.292,296.674,261.909,290.872,345.912,45.361,-0.41
2022/2/23,326.01,11.48,0,0,0,11,0,0,360.449,338.274,292.913,377.292,296.674,261.909,290.872,22.175,0.71
2022/2/24,306.902,11.5,0,0,0,13,1,0,326.01,360.449,338.274,292.913,377.292,296.674,261.909,-34.439,0.02
2022/2/25,343.936,10.88,0,0,0,14,3,0,306.902,326.01,360.449,338.274,292.913,377.292,296.674,-19.108,-0.62
2022/2/26,394.951,10.88,0,0,1,19,7,0,343.936,306.902,326.01,360.449,338.274,292.913,377.292,37.034,0
2022/2/27,322.184,11.02,0,0,1,17,9,0,394.951,343.936,306.902,326.01,360.449,338.274,292.913,51.015,0.14
2022/2/28,340.164,11.23,0,0,0,12,11,0,322.184,394.951,343.936,306.902,326.01,360.449,338.274,-72.767,0.21
2022/3/1,338.218,11.07,0,0,0,17,8,0,340.164,322.184,394.951,343.936,306.902,326.01,360.449,17.98,-0.16
2022/3/2,348.867,10.32,0,0,0,13,10,0,338.218,340.164,322.184,394.951,343.936,306.902,326.01,-1.946,-0.75
2022/3/3,355.345,10.6,0,0,0,20,5,0,348.867,338.218,340.164,322.184,394.951,343.936,306.902,10.649,0.28
2022/3/4,384.5,10.27,0,0,0,20,13,0,355.345,348.867,338.218,340.164,322.184,394.951,343.936,6.478,-0.33
2022/3/5,375.387,10.8,0,0,1,18,8,0,384.5,355.345,348.867,338.218,340.164,322.184,394.951,29.155,0.53
2022/3/6,338.661,10.74,0,0,1,18,5,0,375.387,384.5,355.345,348.867,338.218,340.164,322.184,-9.113,-0.06
2022/3/7,393.762,10.86,0,0,0,21,6,0,338.661,375.387,384.5,355.345,348.867,338.218,340.164,-36.726,0.12
2022/3/8,325.613,10.78,0,0,0,20,9,0,393.762,338.661,375.387,384.5,355.345,348.867,338.218,55.101,-0.08
2022/3/9,360.629,10.93,0,0,0,20,8,0,325.613,393.762,338.661,375.387,384.5,355.345,348.867,-68.149,0.15
2022/3/10,417.155,10.87,0,0,0,19,9,0,360.629,325.613,393.762,338.661,375.387,384.5,355.345,35.016,-0.06
2022/3/11,342.7,10.84,0,0,0,14,8,0,417.155,360.629,325.613,393.762,338.661,375.387,384.5,56.526,-0.03
2022/3/12,384.538,10.99,0,0,1,17,4,0,342.7,417.155,360.629,325.613,393.762,338.661,375.387,-74.455,0.15
2022/3/13,446.739,10.31,0,0,1,28,16,0,384.538,342.7,417.155,360.629,325.613,393.762,338.661,41.838,-0.68
2022/3/14,351.672,10.71,0,0,0,24,15,0,446.739,384.538,342.7,417.155,360.629,325.613,393.762,62.201,0.4
2022/3/15,406.307,10.2,0,0,0,28,15,0,351.672,446.739,384.538,342.7,417.155,360.629,325.613,-95.067,-0.51
2022/3/16,337.684,10.4,0,0,0,22,11,1,406.307,351.672,446.739,384.538,342.7,417.155,360.629,54.635,0.2
2022/3/17,338.539,9.66,0,0,0,19,8,0,337.684,406.307,351.672,446.739,384.538,342.7,417.155,-68.623,-0.74
2022/3/18,448.649,9.43,0,0,0,13,8,0,338.539,337.684,406.307,351.672,446.739,384.538,342.7,0.855,-0.23
2022/3/19,428.719,10.29,0,0,1,15,9,0,448.649,338.539,337.684,406.307,351.672,446.739,384.538,110.11,0.86
2022/3/20,427.667,10.07,0,0,1,9,6,0,428.719,448.649,338.539,337.684,406.307,351.672,446.739,-19.93,-0.22
2022/3/21,387.96,9.03,0,0,0,8,7,0,427.667,428.719,448.649,338.539,337.684,406.307,351.672,-1.052,-1.04
2022/3/22,391.342,9.86,0,0,0,7,5,0,387.96,427.667,428.719,448.649,338.539,337.684,406.307,-39.707,0.83
2022/3/23,410.872,10.46,0,0,0,13,3,0,391.342,387.96,427.667,428.719,448.649,338.539,337.684,3.382,0.6
2022/3/24,330.494,10.38,0,0,0,18,7,0,410.872,391.342,387.96,427.667,428.719,448.649,338.539,19.53,-0.08
2022/3/25,448.664,10.5,0,0,0,11,4,0,330.494,410.872,391.342,387.96,427.667,428.719,448.649,-80.378,0.12
2022/3/26,479.731,10.65,0,0,1,15,11,0,448.664,330.494,410.872,391.342,387.96,427.667,428.719,118.17,0.15
2022/3/27,376.082,10.6,0,0,1,20,8,0,479.731,448.664,330.494,410.872,391.342,387.96,427.667,31.067,-0.05
2022/3/28,389.121,10.2,0,0,0,21,9,0,376.082,479.731,448.664,330.494,410.872,391.342,387.96,-103.649,-0.4
2022/3/29,380.697,10.5,0,0,0,20,10,0,389.121,376.082,479.731,448.664,330.494,410.872,391.342,13.039,0.3
2022/3/30,419.238,9.93,0,0,0,22,15,0,380.697,389.121,376.082,479.731,448.664,330.494,410.872,-8.424,-0.57
2022/3/31,478.613,9.9,0,0,0,14,11,0,419.238,380.697,389.121,376.082,479.731,448.664,330.494,38.541,-0.03
2022/4/1,454.519,7.98,0,0,0,16,9,0,478.613,419.238,380.697,389.121,376.082,479.731,448.664,59.375,-1.92
2022/4/2,576.836,7.87,0,1,1,21,9,0,454.519,478.613,419.238,380.697,389.121,376.082,479.731,-24.094,-0.11
2022/4/3,696.37,8.02,1,0,1,23,10,0,576.836,454.519,478.613,419.238,380.697,389.121,376.082,122.317,0.15
2022/4/4,1048.878,8.29,1,0,0,20,12,0,696.37,576.836,454.519,478.613,419.238,380.697,389.121,119.534,0.27
2022/4/5,495.146,7.89,1,0,0,24,12,0,1048.878,696.37,576.836,454.519,478.613,419.238,380.697,352.508,-0.4
2022/4/6,492.45,8.11,0,0,0,26,13,0,495.146,1048.878,696.37,576.836,454.519,478.613,419.238,-553.732,0.22
2022/4/7,514.562,8.68,0,0,0,28,16,0,492.45,495.146,1048.878,696.37,576.836,454.519,478.613,-2.696,0.57
2022/4/8,420.62,10.55,0,0,0,28,14,0,514.562,492.45,495.146,1048.878,696.37,576.836,454.519,22.112,1.87
2022/4/9,577.244,10.52,0,0,1,31,18,0,420.62,514.562,492.45,495.146,1048.878,696.37,576.836,-93.942,-0.03
2022/4/10,500.123,10.73,0,0,1,32,17,0,577.244,420.62,514.562,492.45,495.146,1048.878,696.37,156.624,0.21
2022/4/11,342.459,10.22,0,0,0,31,19,0,500.123,577.244,420.62,514.562,492.45,495.146,1048.878,-77.121,-0.51
2022/4/12,319.207,10.41,0,0,0,24,13,0,342.459,500.123,577.244,420.62,514.562,492.45,495.146,-157.664,0.19
2022/4/13,495.772,10.65,0,0,0,21,12,0,319.207,342.459,500.123,577.244,420.62,514.562,492.45,-23.252,0.24
2022/4/14,403.166,10.61,0,0,0,17,12,0,495.772,319.207,342.459,500.123,577.244,420.62,514.562,176.565,-0.04
2022/4/15,621.08,9.38,0,0,0,12,9,0,403.166,495.772,319.207,342.459,500.123,577.244,420.62,-92.606,-1.23
2022/4/16,657.12,9.88,0,0,1,15,9,0,621.08,403.166,495.772,319.207,342.459,500.123,577.244,217.914,0.5
2022/4/17,473.852,10.31,0,0,1,19,8,0,657.12,621.08,403.166,495.772,319.207,342.459,500.123,36.04,0.43
2022/4/18,454.617,10.44,0,0,0,21,10,0,473.852,657.12,621.08,403.166,495.772,319.207,342.459,-183.268,0.13
2022/4/19,447.839,10.61,0,0,0,24,14,0,454.617,473.852,657.12,621.08,403.166,495.772,319.207,-19.235,0.17
2022/4/20,348.035,10.52,0,0,0,27,15,0,447.839,454.617,473.852,657.12,621.08,403.166,495.772,-6.778,-0.09
2022/4/21,435.319,10.19,0,0,0,28,14,0,348.035,447.839,454.617,473.852,657.12,621.08,403.166,-99.804,-0.33
2022/4/22,520.181,10.6,0,0,0,25,18,0,435.319,348.035,447.839,454.617,473.852,657.12,621.08,87.284,0.41
2022/4/23,574.41,10.8,0,0,1,27,18,0,520.181,435.319,348.035,447.839,454.617,473.852,657.12,84.862,0.2
2022/4/24,463.76,10.52,0,0,1,29,21,1,574.41,520.181,435.319,348.035,447.839,454.617,473.852,54.229,-0.28
2022/4/25,466.252,10.86,0,0,0,26,17,0,463.76,574.41,520.181,435.319,348.035,447.839,454.617,-110.65,0.34
2022/4/26,442.054,10.89,0,0,0,28,21,0,466.252,463.76,574.41,520.181,435.319,348.035,447.839,2.492,0.03
2022/4/27,464.852,10.53,0,0,0,27,19,0,442.054,466.252,463.76,574.41,520.181,435.319,348.035,-24.198,-0.36
2022/4/28,433.382,9.86,0,0,0,22,10,0,464.852,442.054,466.252,463.76,574.41,520.181,435.319,22.798,-0.67
2022/4/29,517.271,10.03,0,1,0,21,10,0,433.382,464.852,442.054,466.252,463.76,574.41,520.181,-31.47,0.17
2022/4/30,647.867,10.37,1,0,1,17,13,0,517.271,433.382,464.852,442.054,466.252,463.76,574.41,83.889,0.34
2022/5/1,768.945,10.64,1,0,1,23,13,0,647.867,517.271,433.382,464.852,442.054,466.252,463.76,130.596,0.27
2022/5/2,616.565,10.54,1,0,0,26,13,0,768.945,647.867,517.271,433.382,464.852,442.054,466.252,121.078,-0.1
2022/5/3,658.625,10.61,1,0,0,28,13,0,616.565,768.945,647.867,517.271,433.382,464.852,442.054,-152.38,0.07
2022/5/4,506.065,10.67,1,0,0,28,15,0,658.625,616.565,768.945,647.867,517.271,433.382,464.852,42.06,0.06
2022/5/5,486.164,9.9,0,0,0,29,18,0,506.065,658.625,616.565,768.945,647.867,517.271,433.382,-152.56,-0.77
2022/5/6,396.97,10.49,0,0,0,26,16,0,486.164,506.065,658.625,616.565,768.945,647.867,517.271,-19.901,0.59
2022/5/7,426.953,9.85,0,0,1,28,21,0,396.97,486.164,506.065,658.625,616.565,768.945,647.867,-89.194,-0.64
2022/5/8,532.727,10.23,0,0,1,27,19,0,426.953,396.97,486.164,506.065,658.625,616.565,768.945,29.983,0.38
2022/5/9,388.642,10.45,0,0,0,18,14,0,532.727,426.953,396.97,486.164,506.065,658.625,616.565,105.774,0.22
2022/5/10,412.354,10.89,0,0,0,22,13,0,388.642,532.727,426.953,396.97,486.164,506.065,658.625,-144.085,0.44
2022/5/11,457.025,10.66,0,0,0,23,18,0,412.354,388.642,532.727,426.953,396.97,486.164,506.065,23.712,-0.23
2022/5/12,468.265,10.42,0,0,0,24,17,0,457.025,412.354,388.642,532.727,426.953,396.97,486.164,44.671,-0.24
2022/5/13,492.607,10.16,0,0,0,22,17,0,468.265,457.025,412.354,388.642,532.727,426.953,396.97,11.24,-0.26
2022/5/14,465.763,10.4,0,0,1,21,10,0,492.607,468.265,457.025,412.354,388.642,532.727,426.953,24.342,0.24
2022/5/15,525.538,10.37,0,0,1,27,14,0,465.763,492.607,468.265,457.025,412.354,388.642,532.727,-26.844,-0.03
2022/5/16,463.044,9.88,0,0,0,29,14,0,525.538,465.763,492.607,468.265,457.025,412.354,388.642,59.775,-0.49
2022/5/17,503.146,10.14,0,0,0,28,17,0,463.044,525.538,465.763,492.607,468.265,457.025,412.354,-62.494,0.26
2022/5/18,439.889,10.13,0,0,0,22,17,0,503.146,463.044,525.538,465.763,492.607,468.265,457.025,40.102,-0.01
2022/5/19,409.887,10.5,0,0,0,18,15,0,439.889,503.146,463.044,525.538,465.763,492.607,468.265,-63.257,0.37
2022/5/20,570.675,9.6,0,0,0,25,16,0,409.887,439.889,503.146,463.044,525.538,465.763,492.607,-30.002,-0.9
2022/5/21,654.174,9.64,0,0,1,25,17,0,570.675,409.887,439.889,503.146,463.044,525.538,465.763,160.788,0.04
2022/5/22,590.111,9.55,0,0,1,24,18,0,654.174,570.675,409.887,439.889,503.146,463.044,525.538,83.499,-0.09
2022/5/23,516.058,9.64,0,0,0,28,19,0,590.111,654.174,570.675,409.887,439.889,503.146,463.044,-64.063,0.09
2022/5/24,374.827,10.15,0,0,0,30,20,0,516.058,590.111,654.174,570.675,409.887,439.889,503.146,-74.053,0.51
2022/5/25,437.346,9.33,0,0,0,29,21,0,374.827,516.058,590.111,654.174,570.675,409.887,439.889,-141.231,-0.82
2022/5/26,478.059,9.81,0,0,0,26,19,0,437.346,374.827,516.058,590.111,654.174,570.675,409.887,62.519,0.48
2022/5/27,429.178,9.63,0,0,0,23,20,0,478.059,437.346,374.827,516.058,590.111,654.174,570.675,40.713,-0.18
2022/5/28,515.518,10.19,0,0,1,36,22,0,429.178,478.059,437.346,374.827,516.058,590.111,654.174,-48.881,0.56
2022/5/29,445.485,10.64,0,0,1,31,20,0,515.518,429.178,478.059,437.346,374.827,516.058,590.111,86.34,0.45
2022/5/30,409.868,10.63,0,0,0,30,20,0,445.485,515.518,429.178,478.059,437.346,374.827,516.058,-70.033,-0.01
2022/5/31,473.009,9.91,0,0,0,29,24,0,409.868,445.485,515.518,429.178,478.059,437.346,374.827,-35.617,-0.72
2022/6/1,481.001,9.48,0,0,0,29,23,0,473.009,409.868,445.485,515.518,429.178,478.059,437.346,63.141,-0.43
