Central-Warehouse.csv
date,sales,price,is_festival,is_festival_1d,is_weekend,Max_Temperature,Min_Temperature,extreme_weather,sales_1d,sales_2d,sales_3d,sales_4d,sales_5d,sales_6d,sales_7d,sales_diff,price_diff
2023/10/24,410.872,7.61,0,0,0,28,19,0,404.143,432.868,380.097,468.344,393.589,413.61,452.392,-28.725,-0.48
2023/10/25,592.341,5.6,0,0,0,29,19,0,410.872,404.143,432.868,380.097,468.344,393.589,413.61,6.729,-2.01
2023/10/26,747.78,5.84,0,0,0,25,17,0,592.341,410.872,404.143,432.868,380.097,468.344,393.589,181.469,0.24
2023/10/27,729.672,5.83,0,0,0,20,16,0,747.78,592.341,410.872,404.143,432.868,380.097,468.344,155.439,-0.01
2023/10/28,768.318,5.68,0,0,1,25,17,0,729.672,747.78,592.341,410.872,404.143,432.868,380.097,-18.108,-0.15
2023/10/29,609.661,5.88,0,0,1,26,14,0,768.318,729.672,747.78,592.341,410.872,404.143,432.868,38.646,0.2
2023/10/30,566.932,5.93,0,0,0,27,14,0,609.661,768.318,729.672,747.78,592.341,410.872,404.143,-158.657,0.05
2023/10/31,485.176,5.93,0,0,0,27,14,0,566.932,609.661,768.318,729.672,747.78,592.341,410.872,-42.729,0
2023/11/1,345.014,6.89,0,0,0,28,13,0,485.176,566.932,609.661,768.318,729.672,747.78,592.341,-81.756,0.96
2023/11/2,380.332,7.62,0,0,0,28,17,0,345.014,485.176,566.932,609.661,768.318,729.672,747.78,-140.162,0.73
2023/11/3,437.744,7.37,0,0,0,26,13,0,380.332,345.014,485.176,566.932,609.661,768.318,729.672,35.318,-0.25
2023/11/4,491.771,7.74,0,0,1,19,16,0,437.744,380.332,345.014,485.176,566.932,609.661,768.318,57.412,0.37
2023/11/5,366.614,7.93,0,0,1,31,15,0,491.771,437.744,380.332,345.014,485.176,566.932,609.661,54.027,0.19
2023/11/6,313.557,7.43,0,0,0,23,12,0,366.614,491.771,437.744,380.332,345.014,485.176,566.932,-125.157,-0.5
2023/11/7,341.598,6.67,0,0,0,21,16,0,313.557,366.614,491.771,437.744,380.332,345.014,485.176,-53.057,-0.76
2023/11/8,427.591,7.08,0,0,0,25,17,0,341.598,313.557,366.614,491.771,437.744,380.332,345.014,28.041,0.41
2023/11/9,357.834,6.99,0,0,0,26,15,0,427.591,341.598,313.557,366.614,491.771,437.744,380.332,85.993,-0.09
2023/11/10,301.326,6.91,0,0,0,16,9,0,357.834,427.591,341.598,313.557,366.614,491.771,437.744,-69.757,-0.08
2023/11/11,339.741,7.66,0,0,1,11,6,0,301.326,357.834,427.591,341.598,313.557,366.614,491.771,-56.508,0.75
2023/11/12,444.947,7.31,0,0,1,6,5,0,339.741,301.326,357.834,427.591,341.598,313.557,366.614,38.415,-0.35
2023/11/13,336.853,7.25,0,0,0,7,5,0,444.947,339.741,301.326,357.834,427.591,341.598,313.557,105.206,-0.06
2023/11/14,389.135,7.1,0,0,0,11,9,0,336.853,444.947,339.741,301.326,357.834,427.591,341.598,-108.094,-0.15
2023/11/15,291.753,7.41,0,0,0,11,9,0,389.135,336.853,444.947,339.741,301.326,357.834,427.591,52.282,0.31
2023/11/16,333.733,7.56,0,0,0,16,6,0,291.753,389.135,336.853,444.947,339.741,301.326,357.834,-97.382,0.15
2023/11/17,400.587,7.46,0,0,0,19,8,0,333.733,291.753,389.135,336.853,444.947,339.741,301.326,41.98,-0.1
2023/11/18,381.134,7.4,0,0,1,17,10,0,400.587,333.733,291.753,389.135,336.853,444.947,339.741,66.854,-0.06
2023/11/19,435.951,6.89,0,0,1,22,9,0,381.134,400.587,333.733,291.753,389.135,336.853,444.947,-19.453,-0.51
2023/11/20,346.73,6.95,0,0,0,25,8,0,435.951,381.134,400.587,333.733,291.753,389.135,336.853,54.817,0.06
2023/11/21,275.978,6.93,0,0,0,25,9,0,346.73,435.951,381.134,400.587,333.733,291.753,389.135,-89.221,-0.02
2023/11/22,318.996,7.76,0,0,0,23,12,0,275.978,346.73,435.951,381.134,400.587,333.733,291.753,-70.752,0.83
2023/11/23,342.847,7.32,0,0,0,21,10,0,318.996,275.978,346.73,435.951,381.134,400.587,333.733,43.018,-0.44
2023/11/24,476.091,6.53,0,0,0,19,10,0,342.847,318.996,275.978,346.73,435.951,381.134,400.587,23.851,-0.79
2023/11/25,517.613,6.85,0,0,1,17,9,0,476.091,342.847,318.996,275.978,346.73,435.951,381.134,133.244,0.32
2023/11/26,429.882,7.04,0,0,1,14,8,0,517.613,476.091,342.847,318.996,275.978,346.73,435.951,41.522,0.19
2023/11/27,359.924,6.84,0,0,0,19,8,0,429.882,517.613,476.091,342.847,318.996,275.978,346.73,-87.731,-0.2
2023/11/28,341.127,7.24,0,0,0,22,10,0,359.924,429.882,517.613,476.091,342.847,318.996,275.978,-69.958,0.4
2023/11/29,342.685,6.81,0,0,0,23,7,0,341.127,359.924,429.882,517.613,476.091,342.847,318.996,-18.797,-0.43
2023/11/30,341.412,7.25,0,0,0,11,5,0,342.685,341.127,359.924,429.882,517.613,476.091,342.847,1.558,0.44
2023/12/1,351.389,7.18,0,0,0,9,5,0,341.412,342.685,341.127,359.924,429.882,517.613,476.091,-1.273,-0.07
2023/12/2,428.05,7.51,0,0,1,8,5,0,351.389,341.412,342.685,341.127,359.924,429.882,517.613,9.977,0.33
2023/12/3,359.423,7.34,0,0,1,9,8,0,428.05,351.389,341.412,342.685,341.127,359.924,429.882,76.661,-0.17
2023/12/4,329.57,7.59,0,0,0,17,7,0,359.423,428.05,351.389,341.412,342.685,341.127,359.924,-68.627,0.25
2023/12/5,271.689,7.8,0,0,0,14,11,0,329.57,359.423,428.05,351.389,341.412,342.685,341.127,-29.853,0.21
2023/12/6,325.672,7.35,0,0,0,21,7,0,271.689,329.57,359.423,428.05,351.389,341.412,342.685,-57.881,-0.45
2023/12/7,468.909,6.72,0,0,0,24,9,0,325.672,271.689,329.57,359.423,428.05,351.389,341.412,53.983,-0.63
2023/12/8,1097.244,5.07,0,0,0,25,15,0,468.909,325.672,271.689,329.57,359.423,428.05,351.389,143.237,-1.65
2023/12/9,1063.772,5.01,0,0,1,18,14,0,1097.244,468.909,325.672,271.689,329.57,359.423,428.05,628.335,-0.06
2023/12/10,785.412,4.88,0,0,1,27,9,0,1063.772,1097.244,468.909,325.672,271.689,329.57,359.423,-33.472,-0.13
2023/12/11,891.144,4.77,0,0,0,11,5,0,785.412,1063.772,1097.244,468.909,325.672,271.689,329.57,-278.36,-0.11
2023/12/12,815.762,4.87,0,0,0,11,5,0,891.144,785.412,1063.772,1097.244,468.909,325.672,271.689,105.732,0.1
2023/12/13,330.704,6.79,0,0,0,21,18,0,815.762,891.144,785.412,1063.772,1097.244,468.909,325.672,-75.382,1.92
2023/12/14,365.345,6.91,0,0,0,26,9,0,330.704,815.762,891.144,785.412,1063.772,1097.244,468.909,-485.058,0.12
2023/12/15,171.12,7.3,0,0,0,14,2,0,365.345,330.704,815.762,891.144,785.412,1063.772,1097.244,34.641,0.39
2023/12/16,478.767,6.88,0,0,1,3,1,0,171.12,365.345,330.704,815.762,891.144,785.412,1063.772,-194.225,-0.42
2023/12/17,346.137,7.07,0,0,1,1,0,0,478.767,171.12,365.345,330.704,815.762,891.144,785.412,307.647,0.19
2023/12/18,292.044,6.67,0,0,0,2,0,1,346.137,478.767,171.12,365.345,330.704,815.762,891.144,-132.63,-0.4
2023/12/19,325.239,6.84,0,0,0,3,0,0,292.044,346.137,478.767,171.12,365.345,330.704,815.762,-54.093,0.17
2023/12/20,346.201,7.07,0,0,0,8,-1,0,325.239,292.044,346.137,478.767,171.12,365.345,330.704,33.195,0.23
2023/12/21,322.039,6.53,0,0,0,5,-1,0,346.201,325.239,292.044,346.137,478.767,171.12,365.345,20.962,-0.54
2023/12/22,187.187,6.98,0,0,0,7,-2,0,322.039,346.201,325.239,292.044,346.137,478.767,171.12,-24.162,0.45
2023/12/23,385.753,7.14,0,0,1,10,0,0,187.187,322.039,346.201,325.239,292.044,346.137,478.767,-134.852,0.16
2023/12/24,401.99,7.18,0,0,1,11,-1,0,385.753,187.187,322.039,346.201,325.239,292.044,346.137,198.566,0.04
2023/12/25,295.56,7.72,0,0,0,15,2,0,401.99,385.753,187.187,322.039,346.201,325.239,292.044,16.237,0.54
2023/12/26,324.925,7.76,0,0,0,17,4,0,295.56,401.99,385.753,187.187,322.039,346.201,325.239,-106.43,0.04
